---
source: src/syntactic_analysis/parser.rs
assertion_line: 614
expression: dump
input_file: src/syntactic_analysis/snapshot_inputs/boolean_literal.crw
---
File
└─FunctionDefinition
  ├─Func
  │   Lexeme: "func"
  │   Span: [0, 4)
  ├─Whitespace
  │   Lexeme: " "
  │   Span: [4, 5)
  ├─Identifier
  │   Lexeme: "f"
  │   Span: [5, 6)
  ├─ParameterList
  │ ├─OpenParen
  │ │   Lexeme: "("
  │ │   Span: [6, 7)
  │ ├─CloseParen
  │ │   Lexeme: ")"
  │ │   Span: [7, 8)
  │ └─Whitespace
  │     Lexeme: " "
  │     Span: [8, 9)
  │ Span: [6, 9)
  └─Block
    ├─OpenBrace
    │   Lexeme: "{"
    │   Span: [9, 10)
    ├─Whitespace
    │   Lexeme: "\n    "
    │   Span: [10, 15)
    ├─ExpressionStatement
    │ ├─BooleanLiteral
    │ │ └─True
    │ │     Lexeme: "true"
    │ │     Span: [15, 19)
    │ │ Span: [15, 19)
    │ ├─Semicolon
    │ │   Lexeme: ";"
    │ │   Span: [19, 20)
    │ └─Whitespace
    │     Lexeme: "\n    "
    │     Span: [20, 25)
    │ Span: [15, 25)
    ├─ExpressionStatement
    │ ├─BooleanLiteral
    │ │ └─False
    │ │     Lexeme: "false"
    │ │     Span: [25, 30)
    │ │ Span: [25, 30)
    │ ├─Semicolon
    │ │   Lexeme: ";"
    │ │   Span: [30, 31)
    │ └─Whitespace
    │     Lexeme: "\n"
    │     Span: [31, 32)
    │ Span: [25, 32)
    ├─CloseBrace
    │   Lexeme: "}"
    │   Span: [32, 33)
    └─Whitespace
        Lexeme: "\n"
        Span: [33, 34)
    Span: [9, 34)
  Span: [0, 34)
Span: [0, 34)
