---
source: src/syntactic_analysis/parser.rs
assertion_line: 614
expression: dump
input_file: src/syntactic_analysis/snapshot_inputs/precedence.crw
---
File
├─FunctionDefinition
│ ├─Func
│ │   Lexeme: "func"
│ │   Span: [0, 4)
│ ├─Whitespace
│ │   Lexeme: " "
│ │   Span: [4, 5)
│ ├─Identifier
│ │   Lexeme: "main"
│ │   Span: [5, 9)
│ ├─ParameterList
│ │ ├─OpenParen
│ │ │   Lexeme: "("
│ │ │   Span: [9, 10)
│ │ ├─CloseParen
│ │ │   Lexeme: ")"
│ │ │   Span: [10, 11)
│ │ └─Whitespace
│ │     Lexeme: " "
│ │     Span: [11, 12)
│ │ Span: [9, 12)
│ └─Block
│   ├─OpenBrace
│   │   Lexeme: "{"
│   │   Span: [12, 13)
│   ├─Whitespace
│   │   Lexeme: "\n    "
│   │   Span: [13, 18)
│   ├─ExpressionStatement
│   │ ├─BinaryOperation
│   │ │ ├─BinaryOperation
│   │ │ │ ├─IntegerLiteral
│   │ │ │ │ ├─Integer
│   │ │ │ │ │   Lexeme: "1"
│   │ │ │ │ │   Span: [18, 19)
│   │ │ │ │ └─Whitespace
│   │ │ │ │     Lexeme: " "
│   │ │ │ │     Span: [19, 20)
│   │ │ │ │ Span: [18, 20)
│   │ │ │ ├─Plus
│   │ │ │ │   Lexeme: "+"
│   │ │ │ │   Span: [20, 21)
│   │ │ │ ├─Whitespace
│   │ │ │ │   Lexeme: " "
│   │ │ │ │   Span: [21, 22)
│   │ │ │ └─BinaryOperation
│   │ │ │   ├─IntegerLiteral
│   │ │ │   │ ├─Integer
│   │ │ │   │ │   Lexeme: "2"
│   │ │ │   │ │   Span: [22, 23)
│   │ │ │   │ └─Whitespace
│   │ │ │   │     Lexeme: " "
│   │ │ │   │     Span: [23, 24)
│   │ │ │   │ Span: [22, 24)
│   │ │ │   ├─Star
│   │ │ │   │   Lexeme: "*"
│   │ │ │   │   Span: [24, 25)
│   │ │ │   ├─Whitespace
│   │ │ │   │   Lexeme: " "
│   │ │ │   │   Span: [25, 26)
│   │ │ │   └─IntegerLiteral
│   │ │ │     ├─Integer
│   │ │ │     │   Lexeme: "3"
│   │ │ │     │   Span: [26, 27)
│   │ │ │     └─Whitespace
│   │ │ │         Lexeme: " "
│   │ │ │         Span: [27, 28)
│   │ │ │     Span: [26, 28)
│   │ │ │   Span: [22, 28)
│   │ │ │ Span: [18, 28)
│   │ │ ├─Minus
│   │ │ │   Lexeme: "-"
│   │ │ │   Span: [28, 29)
│   │ │ ├─Whitespace
│   │ │ │   Lexeme: " "
│   │ │ │   Span: [29, 30)
│   │ │ └─BinaryOperation
│   │ │   ├─IntegerLiteral
│   │ │   │ ├─Integer
│   │ │   │ │   Lexeme: "4"
│   │ │   │ │   Span: [30, 31)
│   │ │   │ └─Whitespace
│   │ │   │     Lexeme: " "
│   │ │   │     Span: [31, 32)
│   │ │   │ Span: [30, 32)
│   │ │   ├─Slash
│   │ │   │   Lexeme: "/"
│   │ │   │   Span: [32, 33)
│   │ │   ├─Whitespace
│   │ │   │   Lexeme: " "
│   │ │   │   Span: [33, 34)
│   │ │   └─IntegerLiteral
│   │ │     └─Integer
│   │ │         Lexeme: "2"
│   │ │         Span: [34, 35)
│   │ │     Span: [34, 35)
│   │ │   Span: [30, 35)
│   │ │ Span: [18, 35)
│   │ ├─Semicolon
│   │ │   Lexeme: ";"
│   │ │   Span: [35, 36)
│   │ └─Whitespace
│   │     Lexeme: "\n"
│   │     Span: [36, 37)
│   │ Span: [18, 37)
│   ├─CloseBrace
│   │   Lexeme: "}"
│   │   Span: [37, 38)
│   └─Whitespace
│       Lexeme: "\n\n"
│       Span: [38, 40)
│   Span: [12, 40)
│ Span: [0, 40)
└─FunctionDefinition
  ├─Func
  │   Lexeme: "func"
  │   Span: [40, 44)
  ├─Whitespace
  │   Lexeme: " "
  │   Span: [44, 45)
  ├─Identifier
  │   Lexeme: "g"
  │   Span: [45, 46)
  ├─ParameterList
  │ ├─OpenParen
  │ │   Lexeme: "("
  │ │   Span: [46, 47)
  │ ├─CloseParen
  │ │   Lexeme: ")"
  │ │   Span: [47, 48)
  │ └─Whitespace
  │     Lexeme: " "
  │     Span: [48, 49)
  │ Span: [46, 49)
  └─Block
    ├─OpenBrace
    │   Lexeme: "{"
    │   Span: [49, 50)
    ├─Whitespace
    │   Lexeme: "\n    "
    │   Span: [50, 55)
    ├─ExpressionStatement
    │ ├─BinaryOperation
    │ │ ├─BinaryOperation
    │ │ │ ├─Variable
    │ │ │ │ ├─Identifier
    │ │ │ │ │   Lexeme: "a"
    │ │ │ │ │   Span: [55, 56)
    │ │ │ │ └─Whitespace
    │ │ │ │     Lexeme: " "
    │ │ │ │     Span: [56, 57)
    │ │ │ │ Span: [55, 57)
    │ │ │ ├─LessEqual
    │ │ │ │   Lexeme: "<="
    │ │ │ │   Span: [57, 59)
    │ │ │ ├─Whitespace
    │ │ │ │   Lexeme: " "
    │ │ │ │   Span: [59, 60)
    │ │ │ └─Variable
    │ │ │   ├─Identifier
    │ │ │   │   Lexeme: "b"
    │ │ │   │   Span: [60, 61)
    │ │ │   └─Whitespace
    │ │ │       Lexeme: " "
    │ │ │       Span: [61, 62)
    │ │ │   Span: [60, 62)
    │ │ │ Span: [55, 62)
    │ │ ├─LogicalOr
    │ │ │   Lexeme: "or"
    │ │ │   Span: [62, 64)
    │ │ ├─Whitespace
    │ │ │   Lexeme: " "
    │ │ │   Span: [64, 65)
    │ │ └─BinaryOperation
    │ │   ├─Variable
    │ │   │ ├─Identifier
    │ │   │ │   Lexeme: "c"
    │ │   │ │   Span: [65, 66)
    │ │   │ └─Whitespace
    │ │   │     Lexeme: " "
    │ │   │     Span: [66, 67)
    │ │   │ Span: [65, 67)
    │ │   ├─GreaterEqual
    │ │   │   Lexeme: ">="
    │ │   │   Span: [67, 69)
    │ │   ├─Whitespace
    │ │   │   Lexeme: " "
    │ │   │   Span: [69, 70)
    │ │   └─Variable
    │ │     └─Identifier
    │ │         Lexeme: "d"
    │ │         Span: [70, 71)
    │ │     Span: [70, 71)
    │ │   Span: [65, 71)
    │ │ Span: [55, 71)
    │ ├─Semicolon
    │ │   Lexeme: ";"
    │ │   Span: [71, 72)
    │ └─Whitespace
    │     Lexeme: "\n    "
    │     Span: [72, 77)
    │ Span: [55, 77)
    ├─ExpressionStatement
    │ ├─BinaryOperation
    │ │ ├─Variable
    │ │ │ ├─Identifier
    │ │ │ │   Lexeme: "a"
    │ │ │ │   Span: [77, 78)
    │ │ │ └─Whitespace
    │ │ │     Lexeme: " "
    │ │ │     Span: [78, 79)
    │ │ │ Span: [77, 79)
    │ │ ├─NotEqual
    │ │ │   Lexeme: "!="
    │ │ │   Span: [79, 81)
    │ │ ├─Whitespace
    │ │ │   Lexeme: " "
    │ │ │   Span: [81, 82)
    │ │ └─Variable
    │ │   └─Identifier
    │ │       Lexeme: "b"
    │ │       Span: [82, 83)
    │ │   Span: [82, 83)
    │ │ Span: [77, 83)
    │ ├─Semicolon
    │ │   Lexeme: ";"
    │ │   Span: [83, 84)
    │ └─Whitespace
    │     Lexeme: "\n"
    │     Span: [84, 85)
    │ Span: [77, 85)
    ├─CloseBrace
    │   Lexeme: "}"
    │   Span: [85, 86)
    └─Whitespace
        Lexeme: "\n"
        Span: [86, 87)
    Span: [49, 87)
  Span: [40, 87)
Span: [0, 87)
