---
source: src/syntactic_analysis/parser.rs
assertion_line: 614
expression: dump
input_file: src/syntactic_analysis/snapshot_inputs/unary.crw
---
File
└─FunctionDefinition
  ├─Func
  │   Lexeme: "func"
  │   Span: [0, 4)
  ├─Whitespace
  │   Lexeme: " "
  │   Span: [4, 5)
  ├─Identifier
  │   Lexeme: "main"
  │   Span: [5, 9)
  ├─ParameterList
  │ ├─OpenParen
  │ │   Lexeme: "("
  │ │   Span: [9, 10)
  │ ├─CloseParen
  │ │   Lexeme: ")"
  │ │   Span: [10, 11)
  │ └─Whitespace
  │     Lexeme: " "
  │     Span: [11, 12)
  │ Span: [9, 12)
  └─Block
    ├─OpenBrace
    │   Lexeme: "{"
    │   Span: [12, 13)
    ├─Whitespace
    │   Lexeme: "\n    "
    │   Span: [13, 18)
    ├─ExpressionStatement
    │ ├─BinaryOperation
    │ │ ├─UnaryOperation
    │ │ │ ├─Minus
    │ │ │ │   Lexeme: "-"
    │ │ │ │   Span: [18, 19)
    │ │ │ └─Variable
    │ │ │   ├─Identifier
    │ │ │   │   Lexeme: "a"
    │ │ │   │   Span: [19, 20)
    │ │ │   └─Whitespace
    │ │ │       Lexeme: " "
    │ │ │       Span: [20, 21)
    │ │ │   Span: [19, 21)
    │ │ │ Span: [18, 21)
    │ │ ├─Plus
    │ │ │   Lexeme: "+"
    │ │ │   Span: [21, 22)
    │ │ ├─Whitespace
    │ │ │   Lexeme: " "
    │ │ │   Span: [22, 23)
    │ │ └─Variable
    │ │   └─Identifier
    │ │       Lexeme: "b"
    │ │       Span: [23, 24)
    │ │   Span: [23, 24)
    │ │ Span: [18, 24)
    │ ├─Semicolon
    │ │   Lexeme: ";"
    │ │   Span: [24, 25)
    │ └─Whitespace
    │     Lexeme: "\n    "
    │     Span: [25, 30)
    │ Span: [18, 30)
    ├─ExpressionStatement
    │ ├─BinaryOperation
    │ │ ├─UnaryOperation
    │ │ │ ├─LogicalNot
    │ │ │ │   Lexeme: "not"
    │ │ │ │   Span: [30, 33)
    │ │ │ ├─Whitespace
    │ │ │ │   Lexeme: " "
    │ │ │ │   Span: [33, 34)
    │ │ │ └─Variable
    │ │ │   ├─Identifier
    │ │ │   │   Lexeme: "flag"
    │ │ │   │   Span: [34, 38)
    │ │ │   └─Whitespace
    │ │ │       Lexeme: " "
    │ │ │       Span: [38, 39)
    │ │ │   Span: [34, 39)
    │ │ │ Span: [30, 39)
    │ │ ├─LogicalAnd
    │ │ │   Lexeme: "and"
    │ │ │   Span: [39, 42)
    │ │ ├─Whitespace
    │ │ │   Lexeme: " "
    │ │ │   Span: [42, 43)
    │ │ └─Variable
    │ │   └─Identifier
    │ │       Lexeme: "other"
    │ │       Span: [43, 48)
    │ │   Span: [43, 48)
    │ │ Span: [30, 48)
    │ ├─Semicolon
    │ │   Lexeme: ";"
    │ │   Span: [48, 49)
    │ └─Whitespace
    │     Lexeme: "\n"
    │     Span: [49, 50)
    │ Span: [30, 50)
    ├─CloseBrace
    │   Lexeme: "}"
    │   Span: [50, 51)
    └─Whitespace
        Lexeme: "\n"
        Span: [51, 52)
    Span: [12, 52)
  Span: [0, 52)
Span: [0, 52)
