---
source: src/syntactic_analysis/parser.rs
assertion_line: 614
expression: dump
input_file: src/syntactic_analysis/snapshot_inputs/variable.crw
---
File
└─FunctionDefinition
  ├─Func
  │   Lexeme: "func"
  │   Span: [0, 4)
  ├─Whitespace
  │   Lexeme: " "
  │   Span: [4, 5)
  ├─Identifier
  │   Lexeme: "f"
  │   Span: [5, 6)
  ├─ParameterList
  │ ├─OpenParen
  │ │   Lexeme: "("
  │ │   Span: [6, 7)
  │ ├─CloseParen
  │ │   Lexeme: ")"
  │ │   Span: [7, 8)
  │ └─Whitespace
  │     Lexeme: " "
  │     Span: [8, 9)
  │ Span: [6, 9)
  └─Block
    ├─OpenBrace
    │   Lexeme: "{"
    │   Span: [9, 10)
    ├─Whitespace
    │   Lexeme: "\n    "
    │   Span: [10, 15)
    ├─ExpressionStatement
    │ ├─Variable
    │ │ └─Identifier
    │ │     Lexeme: "x"
    │ │     Span: [15, 16)
    │ │ Span: [15, 16)
    │ ├─Semicolon
    │ │   Lexeme: ";"
    │ │   Span: [16, 17)
    │ └─Whitespace
    │     Lexeme: "\n"
    │     Span: [17, 18)
    │ Span: [15, 18)
    ├─CloseBrace
    │   Lexeme: "}"
    │   Span: [18, 19)
    └─Whitespace
        Lexeme: "\n"
        Span: [19, 20)
    Span: [9, 20)
  Span: [0, 20)
Span: [0, 20)
