---
source: src/syntactic_analysis/parser.rs
assertion_line: 614
expression: dump
input_file: src/syntactic_analysis/snapshot_inputs/assignment.crw
---
File
└─FunctionDefinition
  ├─Func
  │   Lexeme: "func"
  │   Span: [0, 4)
  ├─Whitespace
  │   Lexeme: " "
  │   Span: [4, 5)
  ├─Identifier
  │   Lexeme: "main"
  │   Span: [5, 9)
  ├─ParameterList
  │ ├─OpenParen
  │ │   Lexeme: "("
  │ │   Span: [9, 10)
  │ ├─CloseParen
  │ │   Lexeme: ")"
  │ │   Span: [10, 11)
  │ └─Whitespace
  │     Lexeme: " "
  │     Span: [11, 12)
  │ Span: [9, 12)
  └─Block
    ├─OpenBrace
    │   Lexeme: "{"
    │   Span: [12, 13)
    ├─Whitespace
    │   Lexeme: "\n    "
    │   Span: [13, 18)
    ├─ExpressionStatement
    │ ├─Assignment
    │ │ ├─Variable
    │ │ │ ├─Identifier
    │ │ │ │   Lexeme: "a"
    │ │ │ │   Span: [18, 19)
    │ │ │ └─Whitespace
    │ │ │     Lexeme: " "
    │ │ │     Span: [19, 20)
    │ │ │ Span: [18, 20)
    │ │ ├─Equal
    │ │ │   Lexeme: "="
    │ │ │   Span: [20, 21)
    │ │ ├─Whitespace
    │ │ │   Lexeme: " "
    │ │ │   Span: [21, 22)
    │ │ └─Assignment
    │ │   ├─Variable
    │ │   │ ├─Identifier
    │ │   │ │   Lexeme: "b"
    │ │   │ │   Span: [22, 23)
    │ │   │ └─Whitespace
    │ │   │     Lexeme: " "
    │ │   │     Span: [23, 24)
    │ │   │ Span: [22, 24)
    │ │   ├─Equal
    │ │   │   Lexeme: "="
    │ │   │   Span: [24, 25)
    │ │   ├─Whitespace
    │ │   │   Lexeme: " "
    │ │   │   Span: [25, 26)
    │ │   └─Variable
    │ │     └─Identifier
    │ │         Lexeme: "c"
    │ │         Span: [26, 27)
    │ │     Span: [26, 27)
    │ │   Span: [22, 27)
    │ │ Span: [18, 27)
    │ ├─Semicolon
    │ │   Lexeme: ";"
    │ │   Span: [27, 28)
    │ └─Whitespace
    │     Lexeme: "\n"
    │     Span: [28, 29)
    │ Span: [18, 29)
    ├─CloseBrace
    │   Lexeme: "}"
    │   Span: [29, 30)
    └─Whitespace
        Lexeme: "\n"
        Span: [30, 31)
    Span: [12, 31)
  Span: [0, 31)
Span: [0, 31)
