---
source: src/syntactic_analysis/parser.rs
assertion_line: 571
expression: dump
input_file: src/syntactic_analysis/snapshot_inputs/continue.crw
---
File@0..56
  FunctionDefinition@0..56
    Func@0..4 "func"
    Whitespace@4..5 " "
    Identifier@5..6 "f"
    ParameterList@6..9
      OpenParen@6..7 "("
      CloseParen@7..8 ")"
      Whitespace@8..9 " "
    Block@9..56
      OpenBrace@9..10 "{"
      Whitespace@10..15 "\n    "
      ExpressionStatement@15..54
        WhileLoop@15..54
          While@15..20 "while"
          Whitespace@20..21 " "
          BinaryOperation@21..28
            Variable@21..23
              Identifier@21..22 "x"
              Whitespace@22..23 " "
            LessThan@23..24 "<"
            Whitespace@24..25 " "
            IntegerLiteral@25..28
              Integer@25..27 "10"
              Whitespace@27..28 " "
          Block@28..54
            OpenBrace@28..29 "{"
            Whitespace@29..38 "\n        "
            ContinueExpression@38..52
              Continue@38..46 "continue"
              Semicolon@46..47 ";"
              Whitespace@47..52 "\n    "
            CloseBrace@52..53 "}"
            Whitespace@53..54 "\n"
      CloseBrace@54..55 "}"
      Whitespace@55..56 "\n"
