---
source: src/syntactic_analysis/parser.rs
assertion_line: 614
expression: dump
input_file: src/syntactic_analysis/snapshot_inputs/loop.crw
---
File
├─FunctionDefinition
│ ├─Func
│ │   Lexeme: "func"
│ │   Span: [0, 4)
│ ├─Whitespace
│ │   Lexeme: " "
│ │   Span: [4, 5)
│ ├─Identifier
│ │   Lexeme: "main"
│ │   Span: [5, 9)
│ ├─ParameterList
│ │ ├─OpenParen
│ │ │   Lexeme: "("
│ │ │   Span: [9, 10)
│ │ ├─CloseParen
│ │ │   Lexeme: ")"
│ │ │   Span: [10, 11)
│ │ └─Whitespace
│ │     Lexeme: " "
│ │     Span: [11, 12)
│ │ Span: [9, 12)
│ └─Block
│   ├─OpenBrace
│   │   Lexeme: "{"
│   │   Span: [12, 13)
│   ├─Whitespace
│   │   Lexeme: "\n    "
│   │   Span: [13, 18)
│   ├─ExpressionStatement
│   │ └─InfiniteLoop
│   │   ├─Loop
│   │   │   Lexeme: "loop"
│   │   │   Span: [18, 22)
│   │   ├─Whitespace
│   │   │   Lexeme: " "
│   │   │   Span: [22, 23)
│   │   └─Block
│   │     ├─OpenBrace
│   │     │   Lexeme: "{"
│   │     │   Span: [23, 24)
│   │     ├─CloseBrace
│   │     │   Lexeme: "}"
│   │     │   Span: [24, 25)
│   │     └─Whitespace
│   │         Lexeme: "\n    "
│   │         Span: [25, 30)
│   │     Span: [23, 30)
│   │   Span: [18, 30)
│   │ Span: [18, 30)
│   ├─ExpressionStatement
│   │ ├─UnaryOperation
│   │ │ ├─Minus
│   │ │ │   Lexeme: "-"
│   │ │ │   Span: [30, 31)
│   │ │ └─IntegerLiteral
│   │ │   └─Integer
│   │ │       Lexeme: "1"
│   │ │       Span: [31, 32)
│   │ │   Span: [31, 32)
│   │ │ Span: [30, 32)
│   │ ├─Semicolon
│   │ │   Lexeme: ";"
│   │ │   Span: [32, 33)
│   │ └─Whitespace
│   │     Lexeme: "\n"
│   │     Span: [33, 34)
│   │ Span: [30, 34)
│   ├─CloseBrace
│   │   Lexeme: "}"
│   │   Span: [34, 35)
│   └─Whitespace
│       Lexeme: "\n\n"
│       Span: [35, 37)
│   Span: [12, 37)
│ Span: [0, 37)
└─FunctionDefinition
  ├─Func
  │   Lexeme: "func"
  │   Span: [37, 41)
  ├─Whitespace
  │   Lexeme: " "
  │   Span: [41, 42)
  ├─Identifier
  │   Lexeme: "g"
  │   Span: [42, 43)
  ├─ParameterList
  │ ├─OpenParen
  │ │   Lexeme: "("
  │ │   Span: [43, 44)
  │ ├─CloseParen
  │ │   Lexeme: ")"
  │ │   Span: [44, 45)
  │ └─Whitespace
  │     Lexeme: " "
  │     Span: [45, 46)
  │ Span: [43, 46)
  └─Block
    ├─OpenBrace
    │   Lexeme: "{"
    │   Span: [46, 47)
    ├─Whitespace
    │   Lexeme: "\n    "
    │   Span: [47, 52)
    ├─LetStatement
    │ ├─Let
    │ │   Lexeme: "let"
    │ │   Span: [52, 55)
    │ ├─Whitespace
    │ │   Lexeme: " "
    │ │   Span: [55, 56)
    │ ├─Identifier
    │ │   Lexeme: "x"
    │ │   Span: [56, 57)
    │ ├─Whitespace
    │ │   Lexeme: " "
    │ │   Span: [57, 58)
    │ ├─Equal
    │ │   Lexeme: "="
    │ │   Span: [58, 59)
    │ ├─Whitespace
    │ │   Lexeme: " "
    │ │   Span: [59, 60)
    │ ├─InfiniteLoop
    │ │ ├─Loop
    │ │ │   Lexeme: "loop"
    │ │ │   Span: [60, 64)
    │ │ ├─Whitespace
    │ │ │   Lexeme: " "
    │ │ │   Span: [64, 65)
    │ │ └─Block
    │ │   ├─OpenBrace
    │ │   │   Lexeme: "{"
    │ │   │   Span: [65, 66)
    │ │   ├─Whitespace
    │ │   │   Lexeme: "\n        "
    │ │   │   Span: [66, 75)
    │ │   ├─BreakExpression
    │ │   │ ├─Break
    │ │   │ │   Lexeme: "break"
    │ │   │ │   Span: [75, 80)
    │ │   │ ├─Whitespace
    │ │   │ │   Lexeme: " "
    │ │   │ │   Span: [80, 81)
    │ │   │ ├─IntegerLiteral
    │ │   │ │ └─Integer
    │ │   │ │     Lexeme: "5"
    │ │   │ │     Span: [81, 82)
    │ │   │ │ Span: [81, 82)
    │ │   │ ├─Semicolon
    │ │   │ │   Lexeme: ";"
    │ │   │ │   Span: [82, 83)
    │ │   │ └─Whitespace
    │ │   │     Lexeme: "\n    "
    │ │   │     Span: [83, 88)
    │ │   │ Span: [75, 88)
    │ │   └─CloseBrace
    │ │       Lexeme: "}"
    │ │       Span: [88, 89)
    │ │   Span: [65, 89)
    │ │ Span: [60, 89)
    │ ├─Semicolon
    │ │   Lexeme: ";"
    │ │   Span: [89, 90)
    │ └─Whitespace
    │     Lexeme: "\n"
    │     Span: [90, 91)
    │ Span: [52, 91)
    ├─CloseBrace
    │   Lexeme: "}"
    │   Span: [91, 92)
    └─Whitespace
        Lexeme: "\n"
        Span: [92, 93)
    Span: [46, 93)
  Span: [37, 93)
Span: [0, 93)
