---
source: src/syntactic_analysis/parser.rs
assertion_line: 614
expression: dump
input_file: src/syntactic_analysis/snapshot_inputs/unit.crw
---
File
└─FunctionDefinition
  ├─Func
  │   Lexeme: "func"
  │   Span: [0, 4)
  ├─Whitespace
  │   Lexeme: " "
  │   Span: [4, 5)
  ├─Identifier
  │   Lexeme: "f"
  │   Span: [5, 6)
  ├─ParameterList
  │ ├─OpenParen
  │ │   Lexeme: "("
  │ │   Span: [6, 7)
  │ ├─CloseParen
  │ │   Lexeme: ")"
  │ │   Span: [7, 8)
  │ └─Whitespace
  │     Lexeme: " "
  │     Span: [8, 9)
  │ Span: [6, 9)
  └─Block
    ├─OpenBrace
    │   Lexeme: "{"
    │   Span: [9, 10)
    ├─Whitespace
    │   Lexeme: "\n    "
    │   Span: [10, 15)
    ├─LetStatement
    │ ├─Let
    │ │   Lexeme: "let"
    │ │   Span: [15, 18)
    │ ├─Whitespace
    │ │   Lexeme: " "
    │ │   Span: [18, 19)
    │ ├─Identifier
    │ │   Lexeme: "x"
    │ │   Span: [19, 20)
    │ ├─Whitespace
    │ │   Lexeme: " "
    │ │   Span: [20, 21)
    │ ├─Equal
    │ │   Lexeme: "="
    │ │   Span: [21, 22)
    │ ├─Whitespace
    │ │   Lexeme: " "
    │ │   Span: [22, 23)
    │ ├─UnitLiteral
    │ │ ├─OpenParen
    │ │ │   Lexeme: "("
    │ │ │   Span: [23, 24)
    │ │ └─CloseParen
    │ │     Lexeme: ")"
    │ │     Span: [24, 25)
    │ │ Span: [23, 25)
    │ ├─Semicolon
    │ │   Lexeme: ";"
    │ │   Span: [25, 26)
    │ └─Whitespace
    │     Lexeme: "\n    "
    │     Span: [26, 31)
    │ Span: [15, 31)
    ├─LetStatement
    │ ├─Let
    │ │   Lexeme: "let"
    │ │   Span: [31, 34)
    │ ├─Whitespace
    │ │   Lexeme: " "
    │ │   Span: [34, 35)
    │ ├─Identifier
    │ │   Lexeme: "y"
    │ │   Span: [35, 36)
    │ ├─Whitespace
    │ │   Lexeme: " "
    │ │   Span: [36, 37)
    │ ├─Equal
    │ │   Lexeme: "="
    │ │   Span: [37, 38)
    │ ├─Whitespace
    │ │   Lexeme: " "
    │ │   Span: [38, 39)
    │ ├─ParenthesizedExpression
    │ │ ├─OpenParen
    │ │ │   Lexeme: "("
    │ │ │   Span: [39, 40)
    │ │ ├─BinaryOperation
    │ │ │ ├─IntegerLiteral
    │ │ │ │ ├─Integer
    │ │ │ │ │   Lexeme: "1"
    │ │ │ │ │   Span: [40, 41)
    │ │ │ │ └─Whitespace
    │ │ │ │     Lexeme: " "
    │ │ │ │     Span: [41, 42)
    │ │ │ │ Span: [40, 42)
    │ │ │ ├─Plus
    │ │ │ │   Lexeme: "+"
    │ │ │ │   Span: [42, 43)
    │ │ │ ├─Whitespace
    │ │ │ │   Lexeme: " "
    │ │ │ │   Span: [43, 44)
    │ │ │ └─IntegerLiteral
    │ │ │   └─Integer
    │ │ │       Lexeme: "2"
    │ │ │       Span: [44, 45)
    │ │ │   Span: [44, 45)
    │ │ │ Span: [40, 45)
    │ │ └─CloseParen
    │ │     Lexeme: ")"
    │ │     Span: [45, 46)
    │ │ Span: [39, 46)
    │ ├─Semicolon
    │ │   Lexeme: ";"
    │ │   Span: [46, 47)
    │ └─Whitespace
    │     Lexeme: "\n"
    │     Span: [47, 48)
    │ Span: [31, 48)
    ├─CloseBrace
    │   Lexeme: "}"
    │   Span: [48, 49)
    └─Whitespace
        Lexeme: "\n"
        Span: [49, 50)
    Span: [9, 50)
  Span: [0, 50)
Span: [0, 50)
