---
source: src/syntactic_analysis/parser.rs
assertion_line: 613
expression: dump
input_file: src/syntactic_analysis/snapshot_inputs/nested_definitions.crw
---
File@0..137
  FunctionDefinition@0..137
    Func@0..4 "func"
    Whitespace@4..5 " "
    Identifier@5..10 "outer"
    ParameterList@10..13
      OpenParen@10..11 "("
      CloseParen@11..12 ")"
      Whitespace@12..13 " "
    Block@13..137
      OpenBrace@13..14 "{"
      Whitespace@14..19 "\n    "
      DefinitionStatement@19..56
        ConstantDefinition@19..56
          Const@19..24 "const"
          Whitespace@24..25 " "
          Identifier@25..40 "LOCAL_THRESHOLD"
          Colon@40..41 ":"
          Whitespace@41..42 " "
          TypeExpression@42..46
            Identifier@42..45 "I32"
            Whitespace@45..46 " "
          Equal@46..47 "="
          Whitespace@47..48 " "
          IntegerLiteral@48..49
            Integer@48..49 "5"
          Semicolon@49..50 ";"
          Whitespace@50..56 "\n\n    "
      DefinitionStatement@56..124
        FunctionDefinition@56..124
          Func@56..60 "func"
          Whitespace@60..61 " "
          Identifier@61..67 "helper"
          ParameterList@67..76
            OpenParen@67..68 "("
            Parameter@68..74
              Identifier@68..69 "x"
              Colon@69..70 ":"
              Whitespace@70..71 " "
              TypeExpression@71..74
                Identifier@71..74 "I32"
            CloseParen@74..75 ")"
            Whitespace@75..76 " "
          ThinArrow@76..78 "->"
          Whitespace@78..79 " "
          TypeExpression@79..83
            Identifier@79..82 "I32"
            Whitespace@82..83 " "
          Block@83..124
            OpenBrace@83..84 "{"
            Whitespace@84..93 "\n        "
            ExpressionStatement@93..117
              BinaryOperation@93..117
                Variable@93..95
                  Identifier@93..94 "x"
                  Whitespace@94..95 " "
                Plus@95..96 "+"
                Whitespace@96..97 " "
                Variable@97..117
                  Identifier@97..112 "LOCAL_THRESHOLD"
                  Whitespace@112..117 "\n    "
            CloseBrace@117..118 "}"
            Whitespace@118..124 "\n\n    "
      ExpressionStatement@124..135
        Call@124..133
          Variable@124..130
            Identifier@124..130 "helper"
          ArgumentList@130..133
            OpenParen@130..131 "("
            Argument@131..132
              IntegerLiteral@131..132
                Integer@131..132 "1"
            CloseParen@132..133 ")"
        Semicolon@133..134 ";"
        Whitespace@134..135 "\n"
      CloseBrace@135..136 "}"
      Whitespace@136..137 "\n"
