---
source: src/syntactic_analysis/parser.rs
assertion_line: 614
expression: dump
input_file: src/syntactic_analysis/snapshot_inputs/if.crw
---
File@0..229
  FunctionDefinition@0..170
    Func@0..4 "func"
    Whitespace@4..5 " "
    Identifier@5..6 "f"
    ParameterList@6..9
      OpenParen@6..7 "("
      CloseParen@7..8 ")"
      Whitespace@8..9 " "
    Block@9..170
      OpenBrace@9..10 "{"
      Whitespace@10..15 "\n    "
      ExpressionStatement@15..127
        IfExpression@15..127
          If@15..17 "if"
          Whitespace@17..18 " "
          BinaryOperation@18..24
            Variable@18..20
              Identifier@18..19 "a"
              Whitespace@19..20 " "
            LessThan@20..21 "<"
            Whitespace@21..22 " "
            Variable@22..24
              Identifier@22..23 "b"
              Whitespace@23..24 " "
          Block@24..51
            OpenBrace@24..25 "{"
            Whitespace@25..34 "\n        "
            ReturnExpression@34..49
              Return@34..40 "return"
              Whitespace@40..41 " "
              UnaryOperation@41..43
                Minus@41..42 "-"
                Variable@42..43
                  Identifier@42..43 "a"
              Semicolon@43..44 ";"
              Whitespace@44..49 "\n    "
            CloseBrace@49..50 "}"
            Whitespace@50..51 " "
          Else@51..55 "else"
          Whitespace@55..56 " "
          IfExpression@56..127
            If@56..58 "if"
            Whitespace@58..59 " "
            BinaryOperation@59..66
              Variable@59..61
                Identifier@59..60 "a"
                Whitespace@60..61 " "
              EqualEqual@61..63 "=="
              Whitespace@63..64 " "
              Variable@64..66
                Identifier@64..65 "b"
                Whitespace@65..66 " "
            Block@66..92
              OpenBrace@66..67 "{"
              Whitespace@67..76 "\n        "
              ReturnExpression@76..90
                Return@76..82 "return"
                Whitespace@82..83 " "
                IntegerLiteral@83..84
                  Integer@83..84 "0"
                Semicolon@84..85 ";"
                Whitespace@85..90 "\n    "
              CloseBrace@90..91 "}"
              Whitespace@91..92 " "
            Else@92..96 "else"
            Whitespace@96..97 " "
            Block@97..127
              OpenBrace@97..98 "{"
              Whitespace@98..107 "\n        "
              ReturnExpression@107..121
                Return@107..113 "return"
                Whitespace@113..114 " "
                Variable@114..115
                  Identifier@114..115 "b"
                Semicolon@115..116 ";"
                Whitespace@116..121 "\n    "
              CloseBrace@121..122 "}"
              Whitespace@122..127 "\n    "
      LetStatement@127..167
        Let@127..130 "let"
        Whitespace@130..131 " "
        Identifier@131..132 "x"
        Colon@132..133 ":"
        Whitespace@133..134 " "
        TypeExpression@134..138
          Identifier@134..137 "I32"
          Whitespace@137..138 " "
        Equal@138..139 "="
        Whitespace@139..140 " "
        IfExpression@140..165
          If@140..142 "if"
          Whitespace@142..143 " "
          BinaryOperation@143..149
            Variable@143..145
              Identifier@143..144 "a"
              Whitespace@144..145 " "
            GreaterThan@145..146 ">"
            Whitespace@146..147 " "
            Variable@147..149
              Identifier@147..148 "b"
              Whitespace@148..149 " "
          Block@149..155
            OpenBrace@149..150 "{"
            Whitespace@150..151 " "
            ExpressionStatement@151..153
              Variable@151..153
                Identifier@151..152 "a"
                Whitespace@152..153 " "
            CloseBrace@153..154 "}"
            Whitespace@154..155 " "
          Else@155..159 "else"
          Whitespace@159..160 " "
          Block@160..165
            OpenBrace@160..161 "{"
            Whitespace@161..162 " "
            ExpressionStatement@162..164
              Variable@162..164
                Identifier@162..163 "b"
                Whitespace@163..164 " "
            CloseBrace@164..165 "}"
        Semicolon@165..166 ";"
        Whitespace@166..167 "\n"
      CloseBrace@167..168 "}"
      Whitespace@168..170 "\n\n"
  FunctionDefinition@170..229
    Func@170..174 "func"
    Whitespace@174..175 " "
    Identifier@175..176 "g"
    ParameterList@176..179
      OpenParen@176..177 "("
      CloseParen@177..178 ")"
      Whitespace@178..179 " "
    Block@179..229
      OpenBrace@179..180 "{"
      Whitespace@180..185 "\n    "
      ExpressionStatement@185..225
        IfExpression@185..225
          If@185..187 "if"
          Whitespace@187..188 " "
          BinaryOperation@188..194
            Variable@188..190
              Identifier@188..189 "x"
              Whitespace@189..190 " "
            LessThan@190..191 "<"
            Whitespace@191..192 " "
            IntegerLiteral@192..194
              Integer@192..193 "0"
              Whitespace@193..194 " "
          Block@194..225
            OpenBrace@194..195 "{"
            Whitespace@195..204 "\n        "
            ReturnExpression@204..219
              Return@204..210 "return"
              Whitespace@210..211 " "
              UnaryOperation@211..213
                Minus@211..212 "-"
                Variable@212..213
                  Identifier@212..213 "x"
              Semicolon@213..214 ";"
              Whitespace@214..219 "\n    "
            CloseBrace@219..220 "}"
            Whitespace@220..225 "\n    "
      ExpressionStatement@225..227
        Variable@225..227
          Identifier@225..226 "x"
          Whitespace@226..227 "\n"
      CloseBrace@227..228 "}"
      Whitespace@228..229 "\n"
