---
source: src/syntactic_analysis/parser.rs
expression: dump
input_file: src/syntactic_analysis/snapshot_inputs/unary.crw
---
File@0..52
  FunctionDefinition@0..52
    Func@0..4 "func"
    Whitespace@4..5 " "
    Identifier@5..9 "main"
    ParameterList@9..12
      OpenParen@9..10 "("
      CloseParen@10..11 ")"
      Whitespace@11..12 " "
    Block@12..52
      OpenBrace@12..13 "{"
      Whitespace@13..18 "\n    "
      ExpressionStatement@18..30
        BinaryOperation@18..24
          UnaryOperation@18..21
            Minus@18..19 "-"
            Variable@19..21
              Identifier@19..20 "a"
              Whitespace@20..21 " "
          Plus@21..22 "+"
          Whitespace@22..23 " "
          Variable@23..24
            Identifier@23..24 "b"
        Semicolon@24..25 ";"
        Whitespace@25..30 "\n    "
      ExpressionStatement@30..50
        BinaryOperation@30..48
          UnaryOperation@30..39
            LogicalNot@30..33 "not"
            Whitespace@33..34 " "
            Variable@34..39
              Identifier@34..38 "flag"
              Whitespace@38..39 " "
          LogicalAnd@39..42 "and"
          Whitespace@42..43 " "
          Variable@43..48
            Identifier@43..48 "other"
        Semicolon@48..49 ";"
        Whitespace@49..50 "\n"
      CloseBrace@50..51 "}"
      Whitespace@51..52 "\n"
