---
source: src/lexical_analysis/tokenizer.rs
expression: "TokenDumper::new(&input, tokens).dump()"
input_file: src/lexical_analysis/snapshot_inputs/basic.crw
---
--------------------------------
Index    Kind            Span           
--------------------------------
#0       `inline comment` [0, 29)        
#1       `whitespace`    [29, 30)       
#2       `let`           [30, 33)       
#3       `whitespace`    [33, 34)       
#4       `x`             [34, 35)       
#5       `:`             [35, 36)       
#6       `whitespace`    [36, 37)       
#7       `i32`           [37, 40)       
#8       `whitespace`    [40, 41)       
#9       `=`             [41, 42)       
#10      `whitespace`    [42, 43)       
#11      `4`             [43, 44)       
#12      `;`             [44, 45)
